        self.console: bool = False
        self.file: bool = False
        self.logger = None  # Single logger for both console and file

        match mode:
            case "console":
                self.console = True

            case "file":
                self.file = True

            case "both":
                self.console = True
                self.file = True